---
source: crates/coven-tui/src/theme/mod.rs
expression: theme_to_snapshot(&DEFAULT_THEME)
---
Theme: default
  background: rgb(22, 22, 30)
  surface: rgb(32, 32, 44)
  surface_dim: rgb(26, 26, 36)
  text: rgb(230, 230, 240)
  text_muted: rgb(140, 140, 160)
  text_inverse: rgb(22, 22, 30)
  primary: rgb(100, 140, 255)
  accent: rgb(140, 100, 255)
  success: rgb(100, 220, 140)
  warning: rgb(255, 200, 100)
  error: rgb(255, 100, 120)
  user_message: rgb(100, 180, 255)
  agent_message: rgb(180, 140, 255)
  thinking: rgb(255, 200, 140)
  tool_use: rgb(140, 200, 180)
