---
source: src/theme/mod.rs
expression: theme_to_snapshot(&ROSE_THEME)
---
Theme: rose
  background: rgb(28, 18, 32)
  surface: rgb(42, 28, 48)
  surface_dim: rgb(34, 22, 38)
  text: rgb(240, 225, 240)
  text_muted: rgb(160, 130, 165)
  text_inverse: rgb(28, 18, 32)
  primary: rgb(255, 120, 180)
  accent: rgb(200, 100, 255)
  success: rgb(140, 220, 160)
  warning: rgb(255, 200, 140)
  error: rgb(255, 100, 120)
  user_message: rgb(255, 140, 190)
  agent_message: rgb(180, 120, 255)
  thinking: rgb(255, 180, 200)
  tool_use: rgb(180, 160, 220)
